
$ nomad status
ID          Type     Priority  Status   Submit Date
docker-app  service  50        running  04/08/18 22:31:50 CDT

$ nomad status docker-app
ID            = docker-app
Name          = docker-app
Submit Date   = 04/08/18 22:31:50 CDT
Type          = service
Priority      = 50
Datacenters   = dc1
Status        = running
Periodic      = false
Parameterized = false

Summary
Task Group  Queued  Starting  Running  Failed  Complete  Lost
server      0       0         2        0       0         0

Allocations
ID        Node ID   Task Group  Version  Desired  Status   Created     Modified
a0bd43f4  d879a906  server      1        run      running  6m41s ago   6m40s ago
4316c751  d879a906  server      1        run      running  11m28s ago  6m41s ago

$ nomad logs a0bd43f4

$ nomad stop job1
$ nomad stop fabio

# Testing fabio LB

while true; do curl -H "Host: main-app.com" "http://localhost:9999/crawler/info" ; echo ""; sleep 1; done




$ http http://localhost:9998/api/routes
# /swagger-ui/index.html

# Consul DNS
$ dig @127.0.0.1 -p 8600 app1.service.consul SRV

# Bind DNS
$ dig @localhost -p 53 app1.service.consul SRV
$ dig @127.0.0.1 -p 53 app1.service.consul SRV


# docs help Hashicorp
$ bundle exec middleman server

$ python3 -m http.server
